(TranslationUnit (SymbolTable 1 {intrinsics_03: (Program (SymbolTable 2 {cos: (ExternalSymbol 2 cos 4 cos lfortran_intrinsic_math [] cos Private), cos@scos: (ExternalSymbol 2 cos@scos 4 scos lfortran_intrinsic_math [] scos Private), x: (Variable 2 x Local () () Default (Real 4 []) Source Public Required .false.)}) intrinsics_03 [] [(= (Var 2 x) (FunctionCall 2 cos@scos 2 cos [((RealConstant 9.500000 (Real 4 [])))] (Real 4 []) (RealConstant -0.997172 (Real 4 [])) ()) ()) (Print () [(Var 2 x)] () ())]), iso_c_binding: (IntrinsicModule lfortran_intrinsic_iso_c_binding), iso_fortran_env: (IntrinsicModule lfortran_intrinsic_iso_fortran_env), lfortran_intrinsic_builtin: (IntrinsicModule lfortran_intrinsic_builtin), lfortran_intrinsic_math: (IntrinsicModule lfortran_intrinsic_math)}) [])
