; ModuleID = 'LFortran'
source_filename = "LFortran"

%foo_c = type { %foo_b, %bar_c }
%foo_b = type { %foo_a, %bar_b }
%foo_a = type { %bar_a }
%bar_a = type { i32 }
%bar_b = type { %bar_a, i32 }
%bar_c = type { %bar_b, i32 }

@0 = private unnamed_addr constant [2 x i8] c" \00", align 1
@1 = private unnamed_addr constant [2 x i8] c"\0A\00", align 1
@2 = private unnamed_addr constant [5 x i8] c"%d%s\00", align 1
@3 = private unnamed_addr constant [2 x i8] c" \00", align 1
@4 = private unnamed_addr constant [2 x i8] c"\0A\00", align 1
@5 = private unnamed_addr constant [5 x i8] c"%d%s\00", align 1
@6 = private unnamed_addr constant [2 x i8] c" \00", align 1
@7 = private unnamed_addr constant [2 x i8] c"\0A\00", align 1
@8 = private unnamed_addr constant [5 x i8] c"%d%s\00", align 1
@9 = private unnamed_addr constant [12 x i8] c"ERROR STOP\0A\00", align 1

define i32 @main() {
.entry:
  %foo = alloca %foo_c, align 8
  %0 = getelementptr %foo_c, %foo_c* %foo, i32 0, i32 0
  %1 = getelementptr %foo_b, %foo_b* %0, i32 0, i32 0
  %2 = getelementptr %foo_a, %foo_a* %1, i32 0, i32 0
  %3 = getelementptr %bar_a, %bar_a* %2, i32 0, i32 0
  store i32 -20, i32* %3, align 4
  %4 = getelementptr %foo_c, %foo_c* %foo, i32 0, i32 0
  %5 = getelementptr %foo_b, %foo_b* %4, i32 0, i32 1
  %6 = getelementptr %bar_b, %bar_b* %5, i32 0, i32 1
  store i32 9, i32* %6, align 4
  %7 = getelementptr %foo_c, %foo_c* %foo, i32 0, i32 1
  %8 = getelementptr %bar_c, %bar_c* %7, i32 0, i32 1
  store i32 11, i32* %8, align 4
  %9 = getelementptr %foo_c, %foo_c* %foo, i32 0, i32 0
  %10 = getelementptr %foo_b, %foo_b* %9, i32 0, i32 0
  %11 = getelementptr %foo_a, %foo_a* %10, i32 0, i32 0
  %12 = getelementptr %bar_a, %bar_a* %11, i32 0, i32 0
  %13 = load i32, i32* %12, align 4
  call void (i8*, ...) @_lfortran_printf(i8* getelementptr inbounds ([5 x i8], [5 x i8]* @2, i32 0, i32 0), i32 %13, i8* getelementptr inbounds ([2 x i8], [2 x i8]* @1, i32 0, i32 0))
  %14 = getelementptr %foo_c, %foo_c* %foo, i32 0, i32 0
  %15 = getelementptr %foo_b, %foo_b* %14, i32 0, i32 1
  %16 = getelementptr %bar_b, %bar_b* %15, i32 0, i32 1
  %17 = load i32, i32* %16, align 4
  call void (i8*, ...) @_lfortran_printf(i8* getelementptr inbounds ([5 x i8], [5 x i8]* @5, i32 0, i32 0), i32 %17, i8* getelementptr inbounds ([2 x i8], [2 x i8]* @4, i32 0, i32 0))
  %18 = getelementptr %foo_c, %foo_c* %foo, i32 0, i32 1
  %19 = getelementptr %bar_c, %bar_c* %18, i32 0, i32 1
  %20 = load i32, i32* %19, align 4
  call void (i8*, ...) @_lfortran_printf(i8* getelementptr inbounds ([5 x i8], [5 x i8]* @8, i32 0, i32 0), i32 %20, i8* getelementptr inbounds ([2 x i8], [2 x i8]* @7, i32 0, i32 0))
  %21 = getelementptr %foo_c, %foo_c* %foo, i32 0, i32 0
  %22 = getelementptr %foo_b, %foo_b* %21, i32 0, i32 0
  %23 = getelementptr %foo_a, %foo_a* %22, i32 0, i32 0
  %24 = getelementptr %bar_a, %bar_a* %23, i32 0, i32 0
  %25 = load i32, i32* %24, align 4
  %26 = getelementptr %foo_c, %foo_c* %foo, i32 0, i32 0
  %27 = getelementptr %foo_b, %foo_b* %26, i32 0, i32 1
  %28 = getelementptr %bar_b, %bar_b* %27, i32 0, i32 1
  %29 = load i32, i32* %28, align 4
  %30 = add i32 %25, %29
  %31 = getelementptr %foo_c, %foo_c* %foo, i32 0, i32 1
  %32 = getelementptr %bar_c, %bar_c* %31, i32 0, i32 1
  %33 = load i32, i32* %32, align 4
  %34 = add i32 %30, %33
  %35 = icmp ne i32 %34, 0
  br i1 %35, label %then, label %else

then:                                             ; preds = %.entry
  call void (i8*, ...) @_lfortran_printf(i8* getelementptr inbounds ([12 x i8], [12 x i8]* @9, i32 0, i32 0))
  call void @exit(i32 1)
  br label %ifcont

else:                                             ; preds = %.entry
  br label %ifcont

ifcont:                                           ; preds = %else, %then
  ret i32 0
}

declare void @_lfortran_printf(i8*, ...)

declare void @exit(i32)
