; ModuleID = 'LFortran'
source_filename = "LFortran"

%person = type { i32, i8*, i8*, i8* }
%employee = type { i8*, i32, %person }

@0 = private unnamed_addr constant [5 x i8] c"Jack\00", align 1
@1 = private unnamed_addr constant [6 x i8] c"Smith\00", align 1
@2 = private unnamed_addr constant [2 x i8] c"M\00", align 1
@3 = private unnamed_addr constant [5 x i8] c"Jill\00", align 1
@4 = private unnamed_addr constant [6 x i8] c"Smith\00", align 1
@5 = private unnamed_addr constant [2 x i8] c"F\00", align 1
@6 = private unnamed_addr constant [6 x i8] c"sales\00", align 1
@7 = private unnamed_addr constant [2 x i8] c" \00", align 1
@8 = private unnamed_addr constant [2 x i8] c"\0A\00", align 1
@9 = private unnamed_addr constant [17 x i8] c"%s%s%s%s%d%s%s%s\00", align 1
@10 = private unnamed_addr constant [2 x i8] c" \00", align 1
@11 = private unnamed_addr constant [2 x i8] c"\0A\00", align 1
@12 = private unnamed_addr constant [25 x i8] c"%s%s%s%s%d%s%s%s%s%s%d%s\00", align 1

define i32 @main() {
.entry:
  %jack = alloca %person, align 8
  %jill = alloca %employee, align 8
  %0 = getelementptr %person, %person* %jack, i32 0, i32 1
  store i8* getelementptr inbounds ([5 x i8], [5 x i8]* @0, i32 0, i32 0), i8** %0, align 8
  %1 = getelementptr %person, %person* %jack, i32 0, i32 2
  store i8* getelementptr inbounds ([6 x i8], [6 x i8]* @1, i32 0, i32 0), i8** %1, align 8
  %2 = getelementptr %person, %person* %jack, i32 0, i32 0
  store i32 1984, i32* %2, align 4
  %3 = getelementptr %person, %person* %jack, i32 0, i32 3
  store i8* getelementptr inbounds ([2 x i8], [2 x i8]* @2, i32 0, i32 0), i8** %3, align 8
  %4 = getelementptr %employee, %employee* %jill, i32 0, i32 2
  %5 = getelementptr %person, %person* %4, i32 0, i32 1
  store i8* getelementptr inbounds ([5 x i8], [5 x i8]* @3, i32 0, i32 0), i8** %5, align 8
  %6 = getelementptr %employee, %employee* %jill, i32 0, i32 2
  %7 = getelementptr %person, %person* %6, i32 0, i32 2
  store i8* getelementptr inbounds ([6 x i8], [6 x i8]* @4, i32 0, i32 0), i8** %7, align 8
  %8 = getelementptr %employee, %employee* %jill, i32 0, i32 2
  %9 = getelementptr %person, %person* %8, i32 0, i32 0
  store i32 1984, i32* %9, align 4
  %10 = getelementptr %employee, %employee* %jill, i32 0, i32 2
  %11 = getelementptr %person, %person* %10, i32 0, i32 3
  store i8* getelementptr inbounds ([2 x i8], [2 x i8]* @5, i32 0, i32 0), i8** %11, align 8
  %12 = getelementptr %employee, %employee* %jill, i32 0, i32 1
  store i32 2003, i32* %12, align 4
  %13 = getelementptr %employee, %employee* %jill, i32 0, i32 0
  store i8* getelementptr inbounds ([6 x i8], [6 x i8]* @6, i32 0, i32 0), i8** %13, align 8
  %14 = getelementptr %person, %person* %jack, i32 0, i32 1
  %15 = load i8*, i8** %14, align 8
  %16 = getelementptr %person, %person* %jack, i32 0, i32 2
  %17 = load i8*, i8** %16, align 8
  %18 = getelementptr %person, %person* %jack, i32 0, i32 0
  %19 = load i32, i32* %18, align 4
  %20 = getelementptr %person, %person* %jack, i32 0, i32 3
  %21 = load i8*, i8** %20, align 8
  call void (i8*, ...) @_lfortran_printf(i8* getelementptr inbounds ([17 x i8], [17 x i8]* @9, i32 0, i32 0), i8* %15, i8* getelementptr inbounds ([2 x i8], [2 x i8]* @7, i32 0, i32 0), i8* %17, i8* getelementptr inbounds ([2 x i8], [2 x i8]* @7, i32 0, i32 0), i32 %19, i8* getelementptr inbounds ([2 x i8], [2 x i8]* @7, i32 0, i32 0), i8* %21, i8* getelementptr inbounds ([2 x i8], [2 x i8]* @8, i32 0, i32 0))
  %22 = getelementptr %employee, %employee* %jill, i32 0, i32 2
  %23 = getelementptr %person, %person* %22, i32 0, i32 1
  %24 = load i8*, i8** %23, align 8
  %25 = getelementptr %employee, %employee* %jill, i32 0, i32 2
  %26 = getelementptr %person, %person* %25, i32 0, i32 2
  %27 = load i8*, i8** %26, align 8
  %28 = getelementptr %employee, %employee* %jill, i32 0, i32 2
  %29 = getelementptr %person, %person* %28, i32 0, i32 0
  %30 = load i32, i32* %29, align 4
  %31 = getelementptr %employee, %employee* %jill, i32 0, i32 2
  %32 = getelementptr %person, %person* %31, i32 0, i32 3
  %33 = load i8*, i8** %32, align 8
  %34 = getelementptr %employee, %employee* %jill, i32 0, i32 0
  %35 = load i8*, i8** %34, align 8
  %36 = getelementptr %employee, %employee* %jill, i32 0, i32 1
  %37 = load i32, i32* %36, align 4
  call void (i8*, ...) @_lfortran_printf(i8* getelementptr inbounds ([25 x i8], [25 x i8]* @12, i32 0, i32 0), i8* %24, i8* getelementptr inbounds ([2 x i8], [2 x i8]* @10, i32 0, i32 0), i8* %27, i8* getelementptr inbounds ([2 x i8], [2 x i8]* @10, i32 0, i32 0), i32 %30, i8* getelementptr inbounds ([2 x i8], [2 x i8]* @10, i32 0, i32 0), i8* %33, i8* getelementptr inbounds ([2 x i8], [2 x i8]* @10, i32 0, i32 0), i8* %35, i8* getelementptr inbounds ([2 x i8], [2 x i8]* @10, i32 0, i32 0), i32 %37, i8* getelementptr inbounds ([2 x i8], [2 x i8]* @11, i32 0, i32 0))
  ret i32 0
}

declare void @_lfortran_printf(i8*, ...)
